EN wordmux NULL "C:/Users/bevans/Desktop/FPGA MD5 Cracker Project Files (1)/WordMux.vhd" sub00/vhpl22 1479368765
EN first_md5_crack_muser_md5_toplevel NULL C:/Xilinx/MD5/MD5_Toplevel.vhf sub00/vhpl28 1479368787
EN bruteforce_muser_md5_toplevel_fpga NULL C:/Xilinx/MD5/MD5_Toplevel_FPGA.vhf sub00/vhpl42 1479368769
AR md5_crack_muser_interface behavioral C:/Xilinx/MD5/Interface.vhf sub00/vhpl35 1479365164
AR bruteforce_muser_interface behavioral C:/Xilinx/MD5/Interface.vhf sub00/vhpl33 1479368778
AR size behavioral "C:/Users/bevans/Desktop/FPGA MD5 Cracker Project Files (1)/SizeofWord.vhd" sub00/vhpl09 1479368754
AR bruteforce_muser_first_md5_crack behavioral C:/Xilinx/MD5/First_MD5_Crack.vhf sub00/vhpl51 1479368792
EN setupword NULL "C:/Users/bevans/Desktop/FPGA MD5 Cracker Project Files (1)/setupWord.vhd" sub00/vhpl14 1479363948
EN bruteforce_muser_md5_crack NULL C:/Xilinx/MD5/MD5_Crack.vhf sub00/vhpl54 1479363988
EN wordreg NULL "C:/Users/bevans/Desktop/FPGA MD5 Cracker Project Files (1)/wordReg.vhd" sub00/vhpl06 1479368755
AR bruteforce_muser_md5_crack behavioral C:/Xilinx/MD5/MD5_Crack.vhf sub00/vhpl55 1479363989
AR setupword behavioral "C:/Users/bevans/Desktop/FPGA MD5 Cracker Project Files (1)/setupWord.vhd" sub00/vhpl15 1479363949
EN comparehash NULL "C:/Users/bevans/Desktop/FPGA MD5 Cracker Project Files (1)/compareHash.vhd" sub00/vhpl12 1479368761
AR fourbitadder behavioral "C:/Users/bevans/Desktop/FPGA MD5 Cracker Project Files (1)/FourbitAdder.vhd" sub00/vhpl19 1479363955
AR md5_crack_muser_md5_toplevel behavioral C:/Xilinx/MD5/MD5_Toplevel.vhf sub00/vhpl27 1479363979
AR md5_toplevel behavioral C:/Xilinx/MD5/MD5_Toplevel.vhf sub00/vhpl31 1479368790
AR interface behavioral C:/Xilinx/MD5/Interface.vhf sub00/vhpl41 1479368784
EN first_md5_crack NULL C:/Xilinx/MD5/First_MD5_Crack.vhf sub00/vhpl52 1479368793
EN md5_crack_muser_md5_toplevel_fpga NULL C:/Xilinx/MD5/MD5_Toplevel_FPGA.vhf sub00/vhpl44 1479368771
AR bruteforce_muser_md5_toplevel_fpga behavioral C:/Xilinx/MD5/MD5_Toplevel_FPGA.vhf sub00/vhpl43 1479368770
EN firstcharadder NULL "C:/Users/bevans/Desktop/FPGA MD5 Cracker Project Files (1)/firstCharAdder.vhd" sub00/vhpl04 1479368751
EN md5_toplevel_fpga NULL C:/Xilinx/MD5/MD5_Toplevel_FPGA.vhf sub00/vhpl48 1479368775
EN md5_crack_muser_interface NULL C:/Xilinx/MD5/Interface.vhf sub00/vhpl34 1479365163
AR md5_crack behavioral C:/Xilinx/MD5/MD5_Crack.vhf sub00/vhpl57 1479363991
EN md5_crack NULL C:/Xilinx/MD5/MD5_Crack.vhf sub00/vhpl56 1479363990
EN bruteforce NULL C:/Xilinx/MD5/bruteforce.vhf sub00/vhpl58 1479368795
AR md5 behavioral "C:/Users/bevans/Desktop/FPGA MD5 Cracker Project Files (1)/MD5.vhd" sub00/vhpl01 1479368758
AR first_md5_crack_muser_md5_toplevel behavioral C:/Xilinx/MD5/MD5_Toplevel.vhf sub00/vhpl29 1479368788
AR md5_toplevel_fpga behavioral C:/Xilinx/MD5/MD5_Toplevel_FPGA.vhf sub00/vhpl49 1479368776
AR charadder behavioral "C:/Users/bevans/Desktop/FPGA MD5 Cracker Project Files (1)/charAdder.vhd" sub00/vhpl03 1479368750
EN bruteforce_muser_interface NULL C:/Xilinx/MD5/Interface.vhf sub00/vhpl32 1479368777
EN largeor NULL "C:/Users/bevans/Desktop/FPGA MD5 Cracker Project Files (1)/LargeOR.vhd" sub00/vhpl20 1479336228
AR setupword_firstmd5 behavioral "C:/Users/bevans/Desktop/FPGA MD5 Cracker Project Files (1)/setupWord_FirstMD5.vhd" sub00/vhpl17 1479368764
EN first_md5_crack_muser_interface NULL C:/Xilinx/MD5/Interface.vhf sub00/vhpl36 1479368779
AR bruteforce behavioral C:/Xilinx/MD5/bruteforce.vhf sub00/vhpl59 1479368796
EN bruteforce_muser_md5_toplevel NULL C:/Xilinx/MD5/MD5_Toplevel.vhf sub00/vhpl24 1479368785
EN fourbitadder NULL "C:/Users/bevans/Desktop/FPGA MD5 Cracker Project Files (1)/FourbitAdder.vhd" sub00/vhpl18 1479363954
AR wordmux behavioral "C:/Users/bevans/Desktop/FPGA MD5 Cracker Project Files (1)/WordMux.vhd" sub00/vhpl23 1479368766
EN md5_toplevel_muser_interface NULL C:/Xilinx/MD5/Interface.vhf sub00/vhpl38 1479368781
EN setuphash NULL "C:/Users/bevans/Desktop/FPGA MD5 Cracker Project Files (1)/setupHash.vhd" sub00/vhpl10 1479368759
AR first_md5_crack_muser_md5_toplevel_fpga behavioral C:/Xilinx/MD5/MD5_Toplevel_FPGA.vhf sub00/vhpl47 1479368774
AR wordreg behavioral "C:/Users/bevans/Desktop/FPGA MD5 Cracker Project Files (1)/wordReg.vhd" sub00/vhpl07 1479368756
AR userhashreg behavioral "C:/Users/bevans/Desktop/FPGA MD5 Cracker Project Files (1)/UserHashReg.vhd" sub00/vhpl61 1479368768
AR md5_toplevel_muser_interface behavioral C:/Xilinx/MD5/Interface.vhf sub00/vhpl39 1479368782
EN charadder NULL "C:/Users/bevans/Desktop/FPGA MD5 Cracker Project Files (1)/charAdder.vhd" sub00/vhpl02 1479368749
EN userhashreg NULL "C:/Users/bevans/Desktop/FPGA MD5 Cracker Project Files (1)/UserHashReg.vhd" sub00/vhpl60 1479368767
AR firstcharadder behavioral "C:/Users/bevans/Desktop/FPGA MD5 Cracker Project Files (1)/firstCharAdder.vhd" sub00/vhpl05 1479368752
EN size NULL "C:/Users/bevans/Desktop/FPGA MD5 Cracker Project Files (1)/SizeofWord.vhd" sub00/vhpl08 1479368753
AR first_md5_crack_muser_interface behavioral C:/Xilinx/MD5/Interface.vhf sub00/vhpl37 1479368780
EN setupword_firstmd5 NULL "C:/Users/bevans/Desktop/FPGA MD5 Cracker Project Files (1)/setupWord_FirstMD5.vhd" sub00/vhpl16 1479368763
AR comparehash behavioral "C:/Users/bevans/Desktop/FPGA MD5 Cracker Project Files (1)/compareHash.vhd" sub00/vhpl13 1479368762
AR md5_crack_muser_md5_toplevel_fpga behavioral C:/Xilinx/MD5/MD5_Toplevel_FPGA.vhf sub00/vhpl45 1479368772
EN interface NULL C:/Xilinx/MD5/Interface.vhf sub00/vhpl40 1479368783
AR setuphash behavioral "C:/Users/bevans/Desktop/FPGA MD5 Cracker Project Files (1)/setupHash.vhd" sub00/vhpl11 1479368760
EN md5_crack_muser_md5_toplevel NULL C:/Xilinx/MD5/MD5_Toplevel.vhf sub00/vhpl26 1479363978
EN bruteforce_muser_first_md5_crack NULL C:/Xilinx/MD5/First_MD5_Crack.vhf sub00/vhpl50 1479368791
AR largeor behavioral "C:/Users/bevans/Desktop/FPGA MD5 Cracker Project Files (1)/LargeOR.vhd" sub00/vhpl21 1479336229
AR bruteforce_muser_md5_toplevel behavioral C:/Xilinx/MD5/MD5_Toplevel.vhf sub00/vhpl25 1479368786
EN first_md5_crack_muser_md5_toplevel_fpga NULL C:/Xilinx/MD5/MD5_Toplevel_FPGA.vhf sub00/vhpl46 1479368773
EN md5 NULL "C:/Users/bevans/Desktop/FPGA MD5 Cracker Project Files (1)/MD5.vhd" sub00/vhpl00 1479368757
EN md5_toplevel NULL C:/Xilinx/MD5/MD5_Toplevel.vhf sub00/vhpl30 1479368789
AR first_md5_crack behavioral C:/Xilinx/MD5/First_MD5_Crack.vhf sub00/vhpl53 1479368794
