AR spi_slave behavioral C:/Users/bevans/Desktop/FPGA-MD5-Cracker/FPGA/SPI_Slave.vhd sub00/vhpl23 1480544233
EN wordmux NULL C:/Users/bevans/Desktop/FPGA-MD5-Cracker/FPGA/vhdl/WordMux.vhd sub00/vhpl20 1480544230
EN first_md5_crack_muser_md5_toplevel NULL C:/Xilinx/MD5/MD5_Toplevel.vhf sub00/vhpl34 1480544246
AR bruteforce_muser_interface behavioral C:/Xilinx/MD5/Interface.vhf sub00/vhpl25 1480544237
AR size behavioral C:/Users/bevans/Desktop/FPGA-MD5-Cracker/FPGA/vhdl/SizeofWord.vhd sub00/vhpl09 1480544219
AR bruteforce_muser_first_md5_crack behavioral C:/Xilinx/MD5/First_MD5_Crack.vhf sub00/vhpl39 1480544251
EN setupword NULL C:/Users/bevans/Desktop/FPGA-MD5-Cracker/FPGA/vhdl/setupWord.vhd sub00/vhpl00 1479784726
EN wordreg NULL C:/Users/bevans/Desktop/FPGA-MD5-Cracker/FPGA/vhdl/wordReg.vhd sub00/vhpl10 1480544220
AR setupword behavioral C:/Users/bevans/Desktop/FPGA-MD5-Cracker/FPGA/vhdl/setupWord.vhd sub00/vhpl01 1479784727
AR wordassemble behavioral C:/Users/bevans/Desktop/FPGA-MD5-Cracker/FPGA/wordAssemble.vhd sub00/vhpl03 1480544235
EN comparehash NULL C:/Users/bevans/Desktop/FPGA-MD5-Cracker/FPGA/vhdl/compareHash.vhd sub00/vhpl16 1480544226
AR interface behavioral C:/Xilinx/MD5/Interface.vhf sub00/vhpl31 1480544243
AR md5_toplevel behavioral C:/Xilinx/MD5/MD5_Toplevel.vhf sub00/vhpl37 1480544249
EN first_md5_crack NULL C:/Xilinx/MD5/First_MD5_Crack.vhf sub00/vhpl40 1480544252
AR vga_controller behavioral C:/Users/bevans/Desktop/FPGA-MD5-Cracker/FPGA/vhdl/VGA_controller.vhd sub00/vhpl45 1479787056
EN firstcharadder NULL C:/Users/bevans/Desktop/FPGA-MD5-Cracker/FPGA/vhdl/firstCharAdder.vhd sub00/vhpl06 1480544216
EN vga_controller NULL C:/Users/bevans/Desktop/FPGA-MD5-Cracker/FPGA/vhdl/VGA_controller.vhd sub00/vhpl44 1479787055
EN bruteforce NULL C:/Xilinx/MD5/bruteforce.vhf sub00/vhpl42 1480544254
AR md5 behavioral C:/Users/bevans/Desktop/FPGA-MD5-Cracker/FPGA/vhdl/MD5.vhd sub00/vhpl13 1480544223
AR first_md5_crack_muser_md5_toplevel behavioral C:/Xilinx/MD5/MD5_Toplevel.vhf sub00/vhpl35 1480544247
AR charadder behavioral C:/Users/bevans/Desktop/FPGA-MD5-Cracker/FPGA/vhdl/charAdder.vhd sub00/vhpl05 1480544215
EN bruteforce_muser_interface NULL C:/Xilinx/MD5/Interface.vhf sub00/vhpl24 1480544236
AR setupword_firstmd5 behavioral C:/Users/bevans/Desktop/FPGA-MD5-Cracker/FPGA/vhdl/setupWord_FirstMD5.vhd sub00/vhpl19 1480544229
EN first_md5_crack_muser_interface NULL C:/Xilinx/MD5/Interface.vhf sub00/vhpl26 1480544238
AR bruteforce behavioral C:/Xilinx/MD5/bruteforce.vhf sub00/vhpl43 1480544255
EN bruteforce_muser_md5_toplevel NULL C:/Xilinx/MD5/MD5_Toplevel.vhf sub00/vhpl32 1480544244
AR wordmux behavioral C:/Users/bevans/Desktop/FPGA-MD5-Cracker/FPGA/vhdl/WordMux.vhd sub00/vhpl21 1480544231
EN md5_toplevel_muser_interface NULL C:/Xilinx/MD5/Interface.vhf sub00/vhpl28 1480544240
EN setuphash NULL C:/Users/bevans/Desktop/FPGA-MD5-Cracker/FPGA/vhdl/setupHash.vhd sub00/vhpl14 1480544224
AR wordreg behavioral C:/Users/bevans/Desktop/FPGA-MD5-Cracker/FPGA/vhdl/wordReg.vhd sub00/vhpl11 1480544221
AR md5_toplevel_muser_interface behavioral C:/Xilinx/MD5/Interface.vhf sub00/vhpl29 1480544241
EN charadder NULL C:/Users/bevans/Desktop/FPGA-MD5-Cracker/FPGA/vhdl/charAdder.vhd sub00/vhpl04 1480544214
AR firstcharadder behavioral C:/Users/bevans/Desktop/FPGA-MD5-Cracker/FPGA/vhdl/firstCharAdder.vhd sub00/vhpl07 1480544217
EN size NULL C:/Users/bevans/Desktop/FPGA-MD5-Cracker/FPGA/vhdl/SizeofWord.vhd sub00/vhpl08 1480544218
AR first_md5_crack_muser_interface behavioral C:/Xilinx/MD5/Interface.vhf sub00/vhpl27 1480544239
EN setupword_firstmd5 NULL C:/Users/bevans/Desktop/FPGA-MD5-Cracker/FPGA/vhdl/setupWord_FirstMD5.vhd sub00/vhpl18 1480544228
AR comparehash behavioral C:/Users/bevans/Desktop/FPGA-MD5-Cracker/FPGA/vhdl/compareHash.vhd sub00/vhpl17 1480544227
EN interface NULL C:/Xilinx/MD5/Interface.vhf sub00/vhpl30 1480544242
EN wordassemble NULL C:/Users/bevans/Desktop/FPGA-MD5-Cracker/FPGA/wordAssemble.vhd sub00/vhpl02 1480544234
AR setuphash behavioral C:/Users/bevans/Desktop/FPGA-MD5-Cracker/FPGA/vhdl/setupHash.vhd sub00/vhpl15 1480544225
EN bruteforce_muser_first_md5_crack NULL C:/Xilinx/MD5/First_MD5_Crack.vhf sub00/vhpl38 1480544250
AR bruteforce_muser_md5_toplevel behavioral C:/Xilinx/MD5/MD5_Toplevel.vhf sub00/vhpl33 1480544245
EN spi_slave NULL C:/Users/bevans/Desktop/FPGA-MD5-Cracker/FPGA/SPI_Slave.vhd sub00/vhpl22 1480544232
EN md5 NULL C:/Users/bevans/Desktop/FPGA-MD5-Cracker/FPGA/vhdl/MD5.vhd sub00/vhpl12 1480544222
EN md5_toplevel NULL C:/Xilinx/MD5/MD5_Toplevel.vhf sub00/vhpl36 1480544248
AR first_md5_crack behavioral C:/Xilinx/MD5/First_MD5_Crack.vhf sub00/vhpl41 1480544253
