V3 106
FL "C:/Users/bevans/Desktop/FPGA MD5 Cracker Project Files (1)/charAdder.vhd" 2009/06/16.17:16:28 P.20131013
EN work/charAdder 1479336208 \
      FL "C:/Users/bevans/Desktop/FPGA MD5 Cracker Project Files (1)/charAdder.vhd" \
      PB ieee/std_logic_1164 1381692176 PB ieee/std_logic_arith 1381692177 \
      PB ieee/STD_LOGIC_UNSIGNED 1381692179
AR work/charAdder/Behavioral 1479336209 \
      FL "C:/Users/bevans/Desktop/FPGA MD5 Cracker Project Files (1)/charAdder.vhd" \
      EN work/charAdder 1479336208
FL "C:/Users/bevans/Desktop/FPGA MD5 Cracker Project Files (1)/compareHash.vhd" 2009/06/16.17:16:28 P.20131013
EN work/compareHash 1479336220 \
      FL "C:/Users/bevans/Desktop/FPGA MD5 Cracker Project Files (1)/compareHash.vhd" \
      PB ieee/std_logic_1164 1381692176 PB ieee/std_logic_arith 1381692177 \
      PB ieee/STD_LOGIC_UNSIGNED 1381692179
AR work/compareHash/Behavioral 1479336221 \
      FL "C:/Users/bevans/Desktop/FPGA MD5 Cracker Project Files (1)/compareHash.vhd" \
      EN work/compareHash 1479336220
FL "C:/Users/bevans/Desktop/FPGA MD5 Cracker Project Files (1)/firstCharAdder.vhd" 2009/06/16.17:16:30 P.20131013
EN work/firstCharAdder 1479336210 \
      FL "C:/Users/bevans/Desktop/FPGA MD5 Cracker Project Files (1)/firstCharAdder.vhd" \
      PB ieee/std_logic_1164 1381692176 PB ieee/std_logic_arith 1381692177 \
      PB ieee/STD_LOGIC_UNSIGNED 1381692179
AR work/firstCharAdder/Behavioral 1479336211 \
      FL "C:/Users/bevans/Desktop/FPGA MD5 Cracker Project Files (1)/firstCharAdder.vhd" \
      EN work/firstCharAdder 1479336210
FL "C:/Users/bevans/Desktop/FPGA MD5 Cracker Project Files (1)/FourbitAdder.vhd" 2009/06/16.17:16:30 P.20131013
EN work/FourbitAdder 1479336226 \
      FL "C:/Users/bevans/Desktop/FPGA MD5 Cracker Project Files (1)/FourbitAdder.vhd" \
      PB ieee/std_logic_1164 1381692176 PB ieee/std_logic_arith 1381692177 \
      PB ieee/STD_LOGIC_UNSIGNED 1381692179
AR work/FourbitAdder/Behavioral 1479336227 \
      FL "C:/Users/bevans/Desktop/FPGA MD5 Cracker Project Files (1)/FourbitAdder.vhd" \
      EN work/FourbitAdder 1479336226
FL "C:/Users/bevans/Desktop/FPGA MD5 Cracker Project Files (1)/LargeOR.vhd" 2009/06/16.17:16:30 P.20131013
EN work/LargeOR 1479336228 \
      FL "C:/Users/bevans/Desktop/FPGA MD5 Cracker Project Files (1)/LargeOR.vhd" \
      PB ieee/std_logic_1164 1381692176 PB ieee/std_logic_arith 1381692177 \
      PB ieee/STD_LOGIC_UNSIGNED 1381692179
AR work/LargeOR/Behavioral 1479336229 \
      FL "C:/Users/bevans/Desktop/FPGA MD5 Cracker Project Files (1)/LargeOR.vhd" \
      EN work/LargeOR 1479336228
FL "C:/Users/bevans/Desktop/FPGA MD5 Cracker Project Files (1)/MD5.vhd" 2009/04/28.20:48:28 P.20131013
EN work/MD5 1479336216 \
      FL "C:/Users/bevans/Desktop/FPGA MD5 Cracker Project Files (1)/MD5.vhd" \
      PB ieee/std_logic_1164 1381692176 PB ieee/std_logic_arith 1381692177 \
      PB ieee/STD_LOGIC_UNSIGNED 1381692179
AR work/MD5/Behavioral 1479336217 \
      FL "C:/Users/bevans/Desktop/FPGA MD5 Cracker Project Files (1)/MD5.vhd" \
      EN work/MD5 1479336216
FL "C:/Users/bevans/Desktop/FPGA MD5 Cracker Project Files (1)/setupHash.vhd" 2009/06/16.17:16:28 P.20131013
EN work/setupHash 1479336218 \
      FL "C:/Users/bevans/Desktop/FPGA MD5 Cracker Project Files (1)/setupHash.vhd" \
      PB ieee/std_logic_1164 1381692176 PB ieee/std_logic_arith 1381692177 \
      PB ieee/STD_LOGIC_UNSIGNED 1381692179
AR work/setupHash/Behavioral 1479336219 \
      FL "C:/Users/bevans/Desktop/FPGA MD5 Cracker Project Files (1)/setupHash.vhd" \
      EN work/setupHash 1479336218
FL "C:/Users/bevans/Desktop/FPGA MD5 Cracker Project Files (1)/setupWord.vhd" 2009/06/16.17:16:30 P.20131013
EN work/setupWord 1479336222 \
      FL "C:/Users/bevans/Desktop/FPGA MD5 Cracker Project Files (1)/setupWord.vhd" \
      PB ieee/std_logic_1164 1381692176 PB ieee/std_logic_arith 1381692177 \
      PB ieee/STD_LOGIC_UNSIGNED 1381692179
AR work/setupWord/Behavioral 1479336223 \
      FL "C:/Users/bevans/Desktop/FPGA MD5 Cracker Project Files (1)/setupWord.vhd" \
      EN work/setupWord 1479336222
FL "C:/Users/bevans/Desktop/FPGA MD5 Cracker Project Files (1)/setupWord_FirstMD5.vhd" 2009/06/16.17:16:30 P.20131013
EN work/setupWord_FirstMD5 1479336224 \
      FL "C:/Users/bevans/Desktop/FPGA MD5 Cracker Project Files (1)/setupWord_FirstMD5.vhd" \
      PB ieee/std_logic_1164 1381692176 PB ieee/std_logic_arith 1381692177 \
      PB ieee/STD_LOGIC_UNSIGNED 1381692179
AR work/setupWord_FirstMD5/Behavioral 1479336225 \
      FL "C:/Users/bevans/Desktop/FPGA MD5 Cracker Project Files (1)/setupWord_FirstMD5.vhd" \
      EN work/setupWord_FirstMD5 1479336224
FL "C:/Users/bevans/Desktop/FPGA MD5 Cracker Project Files (1)/SizeofWord.vhd" 2009/06/16.17:16:28 P.20131013
EN work/Size 1479336214 \
      FL "C:/Users/bevans/Desktop/FPGA MD5 Cracker Project Files (1)/SizeofWord.vhd" \
      PB ieee/std_logic_1164 1381692176 PB ieee/std_logic_arith 1381692177 \
      PB ieee/STD_LOGIC_UNSIGNED 1381692179
AR work/Size/Behavioral 1479336215 \
      FL "C:/Users/bevans/Desktop/FPGA MD5 Cracker Project Files (1)/SizeofWord.vhd" \
      EN work/Size 1479336214
FL "C:/Users/bevans/Desktop/FPGA MD5 Cracker Project Files (1)/WordMux.vhd" 2016/11/14.14:29:12 P.20131013
EN work/WordMux 1479336230 \
      FL "C:/Users/bevans/Desktop/FPGA MD5 Cracker Project Files (1)/WordMux.vhd" \
      PB ieee/std_logic_1164 1381692176 PB ieee/std_logic_arith 1381692177 \
      PB ieee/STD_LOGIC_UNSIGNED 1381692179
AR work/WordMux/Behavioral 1479336231 \
      FL "C:/Users/bevans/Desktop/FPGA MD5 Cracker Project Files (1)/WordMux.vhd" \
      EN work/WordMux 1479336230
FL "C:/Users/bevans/Desktop/FPGA MD5 Cracker Project Files (1)/wordReg.vhd" 2009/06/16.17:16:28 P.20131013
EN work/wordReg 1479336212 \
      FL "C:/Users/bevans/Desktop/FPGA MD5 Cracker Project Files (1)/wordReg.vhd" \
      PB ieee/std_logic_1164 1381692176 PB ieee/std_logic_arith 1381692177 \
      PB ieee/STD_LOGIC_UNSIGNED 1381692179
AR work/wordReg/Behavioral 1479336213 \
      FL "C:/Users/bevans/Desktop/FPGA MD5 Cracker Project Files (1)/wordReg.vhd" \
      EN work/wordReg 1479336212
FL C:/Xilinx/MD5/bruteforce.vhf 2016/11/14.19:10:57 P.20131013
EN work/bruteforce 1479336266 FL C:/Xilinx/MD5/bruteforce.vhf \
      PB ieee/std_logic_1164 1381692176 PB ieee/NUMERIC_STD 1381692181 LB UNISIM \
      PH unisim/VCOMPONENTS 1381692182
AR work/bruteforce/BEHAVIORAL 1479336267 \
      FL C:/Xilinx/MD5/bruteforce.vhf EN work/bruteforce 1479336266 CP charAdder \
      CP VCC CP GND CP firstCharAdder
FL C:/Xilinx/MD5/First_MD5_Crack.vhf 2016/11/14.19:10:57 P.20131013
EN work/bruteforce_MUSER_First_MD5_Crack 1479336258 \
      FL C:/Xilinx/MD5/First_MD5_Crack.vhf PB ieee/std_logic_1164 1381692176 \
      PB ieee/NUMERIC_STD 1381692181 LB UNISIM PH unisim/VCOMPONENTS 1381692182
AR work/bruteforce_MUSER_First_MD5_Crack/BEHAVIORAL 1479336259 \
      FL C:/Xilinx/MD5/First_MD5_Crack.vhf \
      EN work/bruteforce_MUSER_First_MD5_Crack 1479336258 CP charAdder CP VCC \
      CP GND CP firstCharAdder
EN work/First_MD5_Crack 1479336260 \
      FL C:/Xilinx/MD5/First_MD5_Crack.vhf PB ieee/std_logic_1164 1381692176 \
      PB ieee/NUMERIC_STD 1381692181 LB UNISIM PH unisim/VCOMPONENTS 1381692182
AR work/First_MD5_Crack/BEHAVIORAL 1479336261 \
      FL C:/Xilinx/MD5/First_MD5_Crack.vhf EN work/First_MD5_Crack 1479336260 \
      CP bruteforce_MUSER_First_MD5_Crack CP Size CP wordReg CP MD5 CP setupHash \
      CP compareHash CP setupWord_FirstMD5
FL C:/Xilinx/MD5/Interface.vhf 2016/11/14.20:11:49 P.20131013
EN work/bruteforce_MUSER_Interface 1479336240 FL C:/Xilinx/MD5/Interface.vhf \
      PB ieee/std_logic_1164 1381692176 PB ieee/NUMERIC_STD 1381692181 LB UNISIM \
      PH unisim/VCOMPONENTS 1381692182
AR work/bruteforce_MUSER_Interface/BEHAVIORAL 1479336241 \
      FL C:/Xilinx/MD5/Interface.vhf EN work/bruteforce_MUSER_Interface 1479336240 \
      CP charAdder CP VCC CP GND CP firstCharAdder
EN work/MD5_Crack_MUSER_Interface 1479336242 \
      FL C:/Xilinx/MD5/Interface.vhf PB ieee/std_logic_1164 1381692176 \
      PB ieee/NUMERIC_STD 1381692181 LB UNISIM PH unisim/VCOMPONENTS 1381692182
AR work/MD5_Crack_MUSER_Interface/BEHAVIORAL 1479336243 \
      FL C:/Xilinx/MD5/Interface.vhf EN work/MD5_Crack_MUSER_Interface 1479336242 \
      CP bruteforce_MUSER_Interface CP wordReg CP Size CP MD5 CP setupHash \
      CP compareHash CP setupWord
EN work/First_MD5_Crack_MUSER_Interface 1479336244 \
      FL C:/Xilinx/MD5/Interface.vhf PB ieee/std_logic_1164 1381692176 \
      PB ieee/NUMERIC_STD 1381692181 LB UNISIM PH unisim/VCOMPONENTS 1381692182
AR work/First_MD5_Crack_MUSER_Interface/BEHAVIORAL 1479336245 \
      FL C:/Xilinx/MD5/Interface.vhf EN work/First_MD5_Crack_MUSER_Interface 1479336244 \
      CP bruteforce_MUSER_Interface CP Size CP wordReg CP MD5 CP setupHash \
      CP compareHash CP setupWord_FirstMD5
EN work/MD5_Toplevel_MUSER_Interface 1479336246 \
      FL C:/Xilinx/MD5/Interface.vhf PB ieee/std_logic_1164 1381692176 \
      PB ieee/NUMERIC_STD 1381692181 LB UNISIM PH unisim/VCOMPONENTS 1381692182
AR work/MD5_Toplevel_MUSER_Interface/BEHAVIORAL 1479336247 \
      FL C:/Xilinx/MD5/Interface.vhf EN work/MD5_Toplevel_MUSER_Interface 1479336246 \
      CP First_MD5_Crack_MUSER_Interface CP MD5_Crack_MUSER_Interface \
      CP FourbitAdder CP LargeOR CP WordMux CP GND
EN work/Interface 1479336248 \
      FL C:/Xilinx/MD5/Interface.vhf PB ieee/std_logic_1164 1381692176 \
      PB ieee/NUMERIC_STD 1381692181 LB UNISIM PH unisim/VCOMPONENTS 1381692182
AR work/Interface/BEHAVIORAL 1479336249 \
      FL C:/Xilinx/MD5/Interface.vhf EN work/Interface 1479336248 \
      CP MD5_Toplevel_MUSER_Interface CP UserHashReg
FL C:/Xilinx/MD5/MD5_Crack.vhf 2016/11/16.14:43:25 P.20131013
EN work/bruteforce_MUSER_MD5_Crack 1479336262 FL C:/Xilinx/MD5/MD5_Crack.vhf \
      PB ieee/std_logic_1164 1381692176 PB ieee/NUMERIC_STD 1381692181 LB UNISIM \
      PH unisim/VCOMPONENTS 1381692182
AR work/bruteforce_MUSER_MD5_Crack/BEHAVIORAL 1479336263 \
      FL C:/Xilinx/MD5/MD5_Crack.vhf EN work/bruteforce_MUSER_MD5_Crack 1479336262 \
      CP charAdder CP VCC CP GND CP firstCharAdder
EN work/MD5_Crack 1479336264 \
      FL C:/Xilinx/MD5/MD5_Crack.vhf PB ieee/std_logic_1164 1381692176 \
      PB ieee/NUMERIC_STD 1381692181 LB UNISIM PH unisim/VCOMPONENTS 1381692182
AR work/MD5_Crack/BEHAVIORAL 1479336265 \
      FL C:/Xilinx/MD5/MD5_Crack.vhf EN work/MD5_Crack 1479336264 \
      CP bruteforce_MUSER_MD5_Crack CP wordReg CP Size CP MD5 CP setupHash \
      CP compareHash CP setupWord
FL C:/Xilinx/MD5/MD5_Toplevel.vhf 2016/11/16.14:05:20 P.20131013
EN work/bruteforce_MUSER_MD5_Toplevel 1479336232 \
      FL C:/Xilinx/MD5/MD5_Toplevel.vhf PB ieee/std_logic_1164 1381692176 \
      PB ieee/NUMERIC_STD 1381692181 LB UNISIM PH unisim/VCOMPONENTS 1381692182
AR work/bruteforce_MUSER_MD5_Toplevel/BEHAVIORAL 1479336233 \
      FL C:/Xilinx/MD5/MD5_Toplevel.vhf EN work/bruteforce_MUSER_MD5_Toplevel 1479336232 \
      CP charAdder CP VCC CP GND CP firstCharAdder
EN work/MD5_Crack_MUSER_MD5_Toplevel 1479336234 \
      FL C:/Xilinx/MD5/MD5_Toplevel.vhf PB ieee/std_logic_1164 1381692176 \
      PB ieee/NUMERIC_STD 1381692181 LB UNISIM PH unisim/VCOMPONENTS 1381692182
AR work/MD5_Crack_MUSER_MD5_Toplevel/BEHAVIORAL 1479336235 \
      FL C:/Xilinx/MD5/MD5_Toplevel.vhf EN work/MD5_Crack_MUSER_MD5_Toplevel 1479336234 \
      CP bruteforce_MUSER_MD5_Toplevel CP wordReg CP Size CP MD5 CP setupHash \
      CP compareHash CP setupWord
EN work/First_MD5_Crack_MUSER_MD5_Toplevel 1479336236 \
      FL C:/Xilinx/MD5/MD5_Toplevel.vhf PB ieee/std_logic_1164 1381692176 \
      PB ieee/NUMERIC_STD 1381692181 LB UNISIM PH unisim/VCOMPONENTS 1381692182
AR work/First_MD5_Crack_MUSER_MD5_Toplevel/BEHAVIORAL 1479336237 \
      FL C:/Xilinx/MD5/MD5_Toplevel.vhf \
      EN work/First_MD5_Crack_MUSER_MD5_Toplevel 1479336236 \
      CP bruteforce_MUSER_MD5_Toplevel CP Size CP wordReg CP MD5 CP setupHash \
      CP compareHash CP setupWord_FirstMD5
EN work/MD5_Toplevel 1479336238 \
      FL C:/Xilinx/MD5/MD5_Toplevel.vhf PB ieee/std_logic_1164 1381692176 \
      PB ieee/NUMERIC_STD 1381692181 LB UNISIM PH unisim/VCOMPONENTS 1381692182
AR work/MD5_Toplevel/BEHAVIORAL 1479336239 \
      FL C:/Xilinx/MD5/MD5_Toplevel.vhf EN work/MD5_Toplevel 1479336238 \
      CP First_MD5_Crack_MUSER_MD5_Toplevel CP MD5_Crack_MUSER_MD5_Toplevel \
      CP FourbitAdder CP LargeOR CP WordMux
FL C:/Xilinx/MD5/MD5_Toplevel_FPGA.vhf 2016/11/16.14:43:25 P.20131013
EN work/bruteforce_MUSER_MD5_Toplevel_FPGA 1479336250 \
      FL C:/Xilinx/MD5/MD5_Toplevel_FPGA.vhf PB ieee/std_logic_1164 1381692176 \
      PB ieee/NUMERIC_STD 1381692181 LB UNISIM PH unisim/VCOMPONENTS 1381692182
AR work/bruteforce_MUSER_MD5_Toplevel_FPGA/BEHAVIORAL 1479336251 \
      FL C:/Xilinx/MD5/MD5_Toplevel_FPGA.vhf \
      EN work/bruteforce_MUSER_MD5_Toplevel_FPGA 1479336250 CP charAdder CP VCC \
      CP GND CP firstCharAdder
EN work/MD5_Crack_MUSER_MD5_Toplevel_FPGA 1479336252 \
      FL C:/Xilinx/MD5/MD5_Toplevel_FPGA.vhf PB ieee/std_logic_1164 1381692176 \
      PB ieee/NUMERIC_STD 1381692181 LB UNISIM PH unisim/VCOMPONENTS 1381692182
AR work/MD5_Crack_MUSER_MD5_Toplevel_FPGA/BEHAVIORAL 1479336253 \
      FL C:/Xilinx/MD5/MD5_Toplevel_FPGA.vhf \
      EN work/MD5_Crack_MUSER_MD5_Toplevel_FPGA 1479336252 \
      CP bruteforce_MUSER_MD5_Toplevel_FPGA CP wordReg CP Size CP MD5 CP setupHash \
      CP compareHash CP setupWord
EN work/First_MD5_Crack_MUSER_MD5_Toplevel_FPGA 1479336254 \
      FL C:/Xilinx/MD5/MD5_Toplevel_FPGA.vhf PB ieee/std_logic_1164 1381692176 \
      PB ieee/NUMERIC_STD 1381692181 LB UNISIM PH unisim/VCOMPONENTS 1381692182
AR work/First_MD5_Crack_MUSER_MD5_Toplevel_FPGA/BEHAVIORAL 1479336255 \
      FL C:/Xilinx/MD5/MD5_Toplevel_FPGA.vhf \
      EN work/First_MD5_Crack_MUSER_MD5_Toplevel_FPGA 1479336254 \
      CP bruteforce_MUSER_MD5_Toplevel_FPGA CP Size CP wordReg CP MD5 CP setupHash \
      CP compareHash CP setupWord_FirstMD5
EN work/MD5_Toplevel_FPGA 1479336256 \
      FL C:/Xilinx/MD5/MD5_Toplevel_FPGA.vhf PB ieee/std_logic_1164 1381692176 \
      PB ieee/NUMERIC_STD 1381692181 LB UNISIM PH unisim/VCOMPONENTS 1381692182
AR work/MD5_Toplevel_FPGA/BEHAVIORAL 1479336257 \
      FL C:/Xilinx/MD5/MD5_Toplevel_FPGA.vhf EN work/MD5_Toplevel_FPGA 1479336256 \
      CP First_MD5_Crack_MUSER_MD5_Toplevel_FPGA \
      CP MD5_Crack_MUSER_MD5_Toplevel_FPGA CP FourbitAdder CP LargeOR CP WordMux
