V3 87
FL C:/Users/bevans/Desktop/FPGA-MD5-Cracker/FPGA/setupWord.vhd 2016/11/21.19:18:17 P.20131013
FL C:/Users/bevans/Desktop/FPGA-MD5-Cracker/FPGA/SPI_Slave.vhd 2016/11/28.02:50:55 P.20131013
EN work/SPI_Slave 1480544232 \
      FL C:/Users/bevans/Desktop/FPGA-MD5-Cracker/FPGA/SPI_Slave.vhd \
      PB ieee/std_logic_1164 1381692176
AR work/SPI_Slave/Behavioral 1480544233 \
      FL C:/Users/bevans/Desktop/FPGA-MD5-Cracker/FPGA/SPI_Slave.vhd \
      EN work/SPI_Slave 1480544232
FL C:/Users/bevans/Desktop/FPGA-MD5-Cracker/FPGA/vhdl/charAdder.vhd 2016/11/17.01:04:56 P.20131013
EN work/charAdder 1480544214 \
      FL C:/Users/bevans/Desktop/FPGA-MD5-Cracker/FPGA/vhdl/charAdder.vhd \
      PB ieee/std_logic_1164 1381692176 PB ieee/std_logic_arith 1381692177 \
      PB ieee/STD_LOGIC_UNSIGNED 1381692179
AR work/charAdder/Behavioral 1480544215 \
      FL C:/Users/bevans/Desktop/FPGA-MD5-Cracker/FPGA/vhdl/charAdder.vhd \
      EN work/charAdder 1480544214
FL C:/Users/bevans/Desktop/FPGA-MD5-Cracker/FPGA/vhdl/compareHash.vhd 2009/06/16.17:16:28 P.20131013
EN work/compareHash 1480544226 \
      FL C:/Users/bevans/Desktop/FPGA-MD5-Cracker/FPGA/vhdl/compareHash.vhd \
      PB ieee/std_logic_1164 1381692176 PB ieee/std_logic_arith 1381692177 \
      PB ieee/STD_LOGIC_UNSIGNED 1381692179
AR work/compareHash/Behavioral 1480544227 \
      FL C:/Users/bevans/Desktop/FPGA-MD5-Cracker/FPGA/vhdl/compareHash.vhd \
      EN work/compareHash 1480544226
FL C:/Users/bevans/Desktop/FPGA-MD5-Cracker/FPGA/vhdl/firstCharAdder.vhd 2016/11/17.01:03:42 P.20131013
EN work/firstCharAdder 1480544216 \
      FL C:/Users/bevans/Desktop/FPGA-MD5-Cracker/FPGA/vhdl/firstCharAdder.vhd \
      PB ieee/std_logic_1164 1381692176 PB ieee/std_logic_arith 1381692177 \
      PB ieee/STD_LOGIC_UNSIGNED 1381692179
AR work/firstCharAdder/Behavioral 1480544217 \
      FL C:/Users/bevans/Desktop/FPGA-MD5-Cracker/FPGA/vhdl/firstCharAdder.vhd \
      EN work/firstCharAdder 1480544216
FL C:/Users/bevans/Desktop/FPGA-MD5-Cracker/FPGA/vhdl/MD5.vhd 2016/11/17.01:36:37 P.20131013
EN work/MD5 1480544222 \
      FL C:/Users/bevans/Desktop/FPGA-MD5-Cracker/FPGA/vhdl/MD5.vhd \
      PB ieee/std_logic_1164 1381692176 PB ieee/std_logic_arith 1381692177 \
      PB ieee/STD_LOGIC_UNSIGNED 1381692179
AR work/MD5/Behavioral 1480544223 \
      FL C:/Users/bevans/Desktop/FPGA-MD5-Cracker/FPGA/vhdl/MD5.vhd EN work/MD5 1480544222
FL C:/Users/bevans/Desktop/FPGA-MD5-Cracker/FPGA/vhdl/setupHash.vhd 2009/06/16.17:16:28 P.20131013
EN work/setupHash 1480544224 \
      FL C:/Users/bevans/Desktop/FPGA-MD5-Cracker/FPGA/vhdl/setupHash.vhd \
      PB ieee/std_logic_1164 1381692176 PB ieee/std_logic_arith 1381692177 \
      PB ieee/STD_LOGIC_UNSIGNED 1381692179
AR work/setupHash/Behavioral 1480544225 \
      FL C:/Users/bevans/Desktop/FPGA-MD5-Cracker/FPGA/vhdl/setupHash.vhd \
      EN work/setupHash 1480544224
FL C:/Users/bevans/Desktop/FPGA-MD5-Cracker/FPGA/vhdl/setupWord.vhd 2009/06/16.17:16:30 P.20131013
EN work/setupWord 1479784726 \
      FL C:/Users/bevans/Desktop/FPGA-MD5-Cracker/FPGA/vhdl/setupWord.vhd \
      PB ieee/std_logic_1164 1381692176 PB ieee/std_logic_arith 1381692177 \
      PB ieee/STD_LOGIC_UNSIGNED 1381692179
AR work/setupWord/Behavioral 1479784727 \
      FL C:/Users/bevans/Desktop/FPGA-MD5-Cracker/FPGA/vhdl/setupWord.vhd \
      EN work/setupWord 1479784726
FL C:/Users/bevans/Desktop/FPGA-MD5-Cracker/FPGA/vhdl/setupWord_FirstMD5.vhd 2009/06/16.17:16:30 P.20131013
EN work/setupWord_FirstMD5 1480544228 \
      FL C:/Users/bevans/Desktop/FPGA-MD5-Cracker/FPGA/vhdl/setupWord_FirstMD5.vhd \
      PB ieee/std_logic_1164 1381692176 PB ieee/std_logic_arith 1381692177 \
      PB ieee/STD_LOGIC_UNSIGNED 1381692179
AR work/setupWord_FirstMD5/Behavioral 1480544229 \
      FL C:/Users/bevans/Desktop/FPGA-MD5-Cracker/FPGA/vhdl/setupWord_FirstMD5.vhd \
      EN work/setupWord_FirstMD5 1480544228
FL C:/Users/bevans/Desktop/FPGA-MD5-Cracker/FPGA/vhdl/SizeofWord.vhd 2009/06/16.17:16:28 P.20131013
EN work/Size 1480544218 \
      FL C:/Users/bevans/Desktop/FPGA-MD5-Cracker/FPGA/vhdl/SizeofWord.vhd \
      PB ieee/std_logic_1164 1381692176 PB ieee/std_logic_arith 1381692177 \
      PB ieee/STD_LOGIC_UNSIGNED 1381692179
AR work/Size/Behavioral 1480544219 \
      FL C:/Users/bevans/Desktop/FPGA-MD5-Cracker/FPGA/vhdl/SizeofWord.vhd \
      EN work/Size 1480544218
FL C:/Users/bevans/Desktop/FPGA-MD5-Cracker/FPGA/vhdl/VGA_controller.vhd 2009/04/19.16:26:38 P.20131013
EN work/vga_controller 1479787055 \
      FL C:/Users/bevans/Desktop/FPGA-MD5-Cracker/FPGA/vhdl/VGA_controller.vhd \
      PB ieee/std_logic_1164 1381692176 PB ieee/std_logic_arith 1381692177 \
      PB ieee/STD_LOGIC_UNSIGNED 1381692179
AR work/vga_controller/Behavioral 1479787056 \
      FL C:/Users/bevans/Desktop/FPGA-MD5-Cracker/FPGA/vhdl/VGA_controller.vhd \
      EN work/vga_controller 1479787055
FL C:/Users/bevans/Desktop/FPGA-MD5-Cracker/FPGA/vhdl/WordMux.vhd 2016/11/14.14:29:12 P.20131013
EN work/WordMux 1480544230 \
      FL C:/Users/bevans/Desktop/FPGA-MD5-Cracker/FPGA/vhdl/WordMux.vhd \
      PB ieee/std_logic_1164 1381692176 PB ieee/std_logic_arith 1381692177 \
      PB ieee/STD_LOGIC_UNSIGNED 1381692179
AR work/WordMux/Behavioral 1480544231 \
      FL C:/Users/bevans/Desktop/FPGA-MD5-Cracker/FPGA/vhdl/WordMux.vhd \
      EN work/WordMux 1480544230
FL C:/Users/bevans/Desktop/FPGA-MD5-Cracker/FPGA/vhdl/wordReg.vhd 2009/06/16.17:16:28 P.20131013
EN work/wordReg 1480544220 \
      FL C:/Users/bevans/Desktop/FPGA-MD5-Cracker/FPGA/vhdl/wordReg.vhd \
      PB ieee/std_logic_1164 1381692176 PB ieee/std_logic_arith 1381692177 \
      PB ieee/STD_LOGIC_UNSIGNED 1381692179
AR work/wordReg/Behavioral 1480544221 \
      FL C:/Users/bevans/Desktop/FPGA-MD5-Cracker/FPGA/vhdl/wordReg.vhd \
      EN work/wordReg 1480544220
FL C:/Users/bevans/Desktop/FPGA-MD5-Cracker/FPGA/wordAssemble.vhd 2016/11/21.19:43:11 P.20131013
EN work/wordAssemble 1480544234 \
      FL C:/Users/bevans/Desktop/FPGA-MD5-Cracker/FPGA/wordAssemble.vhd \
      PB ieee/std_logic_1164 1381692176
AR work/wordAssemble/Behavioral 1480544235 \
      FL C:/Users/bevans/Desktop/FPGA-MD5-Cracker/FPGA/wordAssemble.vhd \
      EN work/wordAssemble 1480544234
FL C:/Users/bevans/Desktop/FPGA-MD5-Cracker/FPGA/wordTogether.vhd 2016/11/21.19:39:30 P.20131013
EN work/wordTogether 0 \
      FL C:/Users/bevans/Desktop/FPGA-MD5-Cracker/FPGA/wordTogether.vhd \
      PB ieee/std_logic_1164 1381692176
AR work/wordTogether/Behavioral 0 \
      FL C:/Users/bevans/Desktop/FPGA-MD5-Cracker/FPGA/wordTogether.vhd \
      EN work/wordTogether 0
FL C:/Xilinx/MD5/bruteforce.vhf 2016/11/21.19:50:12 P.20131013
EN work/bruteforce 1480544254 FL C:/Xilinx/MD5/bruteforce.vhf \
      PB ieee/std_logic_1164 1381692176 PB ieee/NUMERIC_STD 1381692181 LB UNISIM \
      PH unisim/VCOMPONENTS 1381692182
AR work/bruteforce/BEHAVIORAL 1480544255 \
      FL C:/Xilinx/MD5/bruteforce.vhf EN work/bruteforce 1480544254 CP charAdder \
      CP VCC CP GND CP firstCharAdder
FL C:/Xilinx/MD5/First_MD5_Crack.vhf 2016/11/30.13:53:06 P.20131013
EN work/bruteforce_MUSER_First_MD5_Crack 1480544250 \
      FL C:/Xilinx/MD5/First_MD5_Crack.vhf PB ieee/std_logic_1164 1381692176 \
      PB ieee/NUMERIC_STD 1381692181 LB UNISIM PH unisim/VCOMPONENTS 1381692182
AR work/bruteforce_MUSER_First_MD5_Crack/BEHAVIORAL 1480544251 \
      FL C:/Xilinx/MD5/First_MD5_Crack.vhf \
      EN work/bruteforce_MUSER_First_MD5_Crack 1480544250 CP charAdder CP VCC \
      CP GND CP firstCharAdder
EN work/First_MD5_Crack 1480544252 \
      FL C:/Xilinx/MD5/First_MD5_Crack.vhf PB ieee/std_logic_1164 1381692176 \
      PB ieee/NUMERIC_STD 1381692181 LB UNISIM PH unisim/VCOMPONENTS 1381692182
AR work/First_MD5_Crack/BEHAVIORAL 1480544253 \
      FL C:/Xilinx/MD5/First_MD5_Crack.vhf EN work/First_MD5_Crack 1480544252 \
      CP bruteforce_MUSER_First_MD5_Crack CP Size CP wordReg CP MD5 CP setupHash \
      CP compareHash CP setupWord_FirstMD5
FL C:/Xilinx/MD5/Interface.vhf 2016/11/30.14:15:47 P.20131013
EN work/bruteforce_MUSER_Interface 1480544236 FL C:/Xilinx/MD5/Interface.vhf \
      PB ieee/std_logic_1164 1381692176 PB ieee/NUMERIC_STD 1381692181 LB UNISIM \
      PH unisim/VCOMPONENTS 1381692182
AR work/bruteforce_MUSER_Interface/BEHAVIORAL 1480544237 \
      FL C:/Xilinx/MD5/Interface.vhf EN work/bruteforce_MUSER_Interface 1480544236 \
      CP charAdder CP VCC CP GND CP firstCharAdder
EN work/First_MD5_Crack_MUSER_Interface 1480544238 \
      FL C:/Xilinx/MD5/Interface.vhf PB ieee/std_logic_1164 1381692176 \
      PB ieee/NUMERIC_STD 1381692181 LB UNISIM PH unisim/VCOMPONENTS 1381692182
AR work/First_MD5_Crack_MUSER_Interface/BEHAVIORAL 1480544239 \
      FL C:/Xilinx/MD5/Interface.vhf EN work/First_MD5_Crack_MUSER_Interface 1480544238 \
      CP bruteforce_MUSER_Interface CP Size CP wordReg CP MD5 CP setupHash \
      CP compareHash CP setupWord_FirstMD5
EN work/MD5_Toplevel_MUSER_Interface 1480544240 \
      FL C:/Xilinx/MD5/Interface.vhf PB ieee/std_logic_1164 1381692176 \
      PB ieee/NUMERIC_STD 1381692181 LB UNISIM PH unisim/VCOMPONENTS 1381692182
AR work/MD5_Toplevel_MUSER_Interface/BEHAVIORAL 1480544241 \
      FL C:/Xilinx/MD5/Interface.vhf EN work/MD5_Toplevel_MUSER_Interface 1480544240 \
      CP First_MD5_Crack_MUSER_Interface CP WordMux
EN work/Interface 1480544242 \
      FL C:/Xilinx/MD5/Interface.vhf PB ieee/std_logic_1164 1381692176 \
      PB ieee/NUMERIC_STD 1381692181 LB UNISIM PH unisim/VCOMPONENTS 1381692182
AR work/Interface/BEHAVIORAL 1480544243 \
      FL C:/Xilinx/MD5/Interface.vhf EN work/Interface 1480544242 \
      CP MD5_Toplevel_MUSER_Interface CP SPI_Slave CP wordAssemble
FL C:/Xilinx/MD5/MD5_Toplevel.vhf 2016/11/21.19:50:11 P.20131013
EN work/bruteforce_MUSER_MD5_Toplevel 1480544244 \
      FL C:/Xilinx/MD5/MD5_Toplevel.vhf PB ieee/std_logic_1164 1381692176 \
      PB ieee/NUMERIC_STD 1381692181 LB UNISIM PH unisim/VCOMPONENTS 1381692182
AR work/bruteforce_MUSER_MD5_Toplevel/BEHAVIORAL 1480544245 \
      FL C:/Xilinx/MD5/MD5_Toplevel.vhf EN work/bruteforce_MUSER_MD5_Toplevel 1480544244 \
      CP charAdder CP VCC CP GND CP firstCharAdder
EN work/First_MD5_Crack_MUSER_MD5_Toplevel 1480544246 \
      FL C:/Xilinx/MD5/MD5_Toplevel.vhf PB ieee/std_logic_1164 1381692176 \
      PB ieee/NUMERIC_STD 1381692181 LB UNISIM PH unisim/VCOMPONENTS 1381692182
AR work/First_MD5_Crack_MUSER_MD5_Toplevel/BEHAVIORAL 1480544247 \
      FL C:/Xilinx/MD5/MD5_Toplevel.vhf \
      EN work/First_MD5_Crack_MUSER_MD5_Toplevel 1480544246 \
      CP bruteforce_MUSER_MD5_Toplevel CP Size CP wordReg CP MD5 CP setupHash \
      CP compareHash CP setupWord_FirstMD5
EN work/MD5_Toplevel 1480544248 \
      FL C:/Xilinx/MD5/MD5_Toplevel.vhf PB ieee/std_logic_1164 1381692176 \
      PB ieee/NUMERIC_STD 1381692181 LB UNISIM PH unisim/VCOMPONENTS 1381692182
AR work/MD5_Toplevel/BEHAVIORAL 1480544249 \
      FL C:/Xilinx/MD5/MD5_Toplevel.vhf EN work/MD5_Toplevel 1480544248 \
      CP First_MD5_Crack_MUSER_MD5_Toplevel CP WordMux
