V3 100
FL "C:/Users/bevans/Desktop/FPGA MD5 Cracker Project Files (1)/charAdder.vhd" 2009/06/16.17:16:28 P.20131013
EN work/charAdder 1479333924 \
      FL "C:/Users/bevans/Desktop/FPGA MD5 Cracker Project Files (1)/charAdder.vhd" \
      PB ieee/std_logic_1164 1381692176 PB ieee/std_logic_arith 1381692177 \
      PB ieee/STD_LOGIC_UNSIGNED 1381692179
AR work/charAdder/Behavioral 1479333925 \
      FL "C:/Users/bevans/Desktop/FPGA MD5 Cracker Project Files (1)/charAdder.vhd" \
      EN work/charAdder 1479333924
FL "C:/Users/bevans/Desktop/FPGA MD5 Cracker Project Files (1)/compareHash.vhd" 2009/06/16.17:16:28 P.20131013
EN work/compareHash 1479333936 \
      FL "C:/Users/bevans/Desktop/FPGA MD5 Cracker Project Files (1)/compareHash.vhd" \
      PB ieee/std_logic_1164 1381692176 PB ieee/std_logic_arith 1381692177 \
      PB ieee/STD_LOGIC_UNSIGNED 1381692179
AR work/compareHash/Behavioral 1479333937 \
      FL "C:/Users/bevans/Desktop/FPGA MD5 Cracker Project Files (1)/compareHash.vhd" \
      EN work/compareHash 1479333936
FL "C:/Users/bevans/Desktop/FPGA MD5 Cracker Project Files (1)/firstCharAdder.vhd" 2009/06/16.17:16:30 P.20131013
EN work/firstCharAdder 1479333926 \
      FL "C:/Users/bevans/Desktop/FPGA MD5 Cracker Project Files (1)/firstCharAdder.vhd" \
      PB ieee/std_logic_1164 1381692176 PB ieee/std_logic_arith 1381692177 \
      PB ieee/STD_LOGIC_UNSIGNED 1381692179
AR work/firstCharAdder/Behavioral 1479333927 \
      FL "C:/Users/bevans/Desktop/FPGA MD5 Cracker Project Files (1)/firstCharAdder.vhd" \
      EN work/firstCharAdder 1479333926
FL "C:/Users/bevans/Desktop/FPGA MD5 Cracker Project Files (1)/FourbitAdder.vhd" 2009/06/16.17:16:30 P.20131013
EN work/FourbitAdder 1479333942 \
      FL "C:/Users/bevans/Desktop/FPGA MD5 Cracker Project Files (1)/FourbitAdder.vhd" \
      PB ieee/std_logic_1164 1381692176 PB ieee/std_logic_arith 1381692177 \
      PB ieee/STD_LOGIC_UNSIGNED 1381692179
AR work/FourbitAdder/Behavioral 1479333943 \
      FL "C:/Users/bevans/Desktop/FPGA MD5 Cracker Project Files (1)/FourbitAdder.vhd" \
      EN work/FourbitAdder 1479333942
FL "C:/Users/bevans/Desktop/FPGA MD5 Cracker Project Files (1)/LargeOR.vhd" 2009/06/16.17:16:30 P.20131013
EN work/LargeOR 1479333944 \
      FL "C:/Users/bevans/Desktop/FPGA MD5 Cracker Project Files (1)/LargeOR.vhd" \
      PB ieee/std_logic_1164 1381692176 PB ieee/std_logic_arith 1381692177 \
      PB ieee/STD_LOGIC_UNSIGNED 1381692179
AR work/LargeOR/Behavioral 1479333945 \
      FL "C:/Users/bevans/Desktop/FPGA MD5 Cracker Project Files (1)/LargeOR.vhd" \
      EN work/LargeOR 1479333944
FL "C:/Users/bevans/Desktop/FPGA MD5 Cracker Project Files (1)/MD5.vhd" 2009/04/28.20:48:28 P.20131013
EN work/MD5 1479333932 \
      FL "C:/Users/bevans/Desktop/FPGA MD5 Cracker Project Files (1)/MD5.vhd" \
      PB ieee/std_logic_1164 1381692176 PB ieee/std_logic_arith 1381692177 \
      PB ieee/STD_LOGIC_UNSIGNED 1381692179
AR work/MD5/Behavioral 1479333933 \
      FL "C:/Users/bevans/Desktop/FPGA MD5 Cracker Project Files (1)/MD5.vhd" \
      EN work/MD5 1479333932
FL "C:/Users/bevans/Desktop/FPGA MD5 Cracker Project Files (1)/setupHash.vhd" 2009/06/16.17:16:28 P.20131013
EN work/setupHash 1479333934 \
      FL "C:/Users/bevans/Desktop/FPGA MD5 Cracker Project Files (1)/setupHash.vhd" \
      PB ieee/std_logic_1164 1381692176 PB ieee/std_logic_arith 1381692177 \
      PB ieee/STD_LOGIC_UNSIGNED 1381692179
AR work/setupHash/Behavioral 1479333935 \
      FL "C:/Users/bevans/Desktop/FPGA MD5 Cracker Project Files (1)/setupHash.vhd" \
      EN work/setupHash 1479333934
FL "C:/Users/bevans/Desktop/FPGA MD5 Cracker Project Files (1)/setupWord.vhd" 2009/06/16.17:16:30 P.20131013
EN work/setupWord 1479333938 \
      FL "C:/Users/bevans/Desktop/FPGA MD5 Cracker Project Files (1)/setupWord.vhd" \
      PB ieee/std_logic_1164 1381692176 PB ieee/std_logic_arith 1381692177 \
      PB ieee/STD_LOGIC_UNSIGNED 1381692179
AR work/setupWord/Behavioral 1479333939 \
      FL "C:/Users/bevans/Desktop/FPGA MD5 Cracker Project Files (1)/setupWord.vhd" \
      EN work/setupWord 1479333938
FL "C:/Users/bevans/Desktop/FPGA MD5 Cracker Project Files (1)/setupWord_FirstMD5.vhd" 2009/06/16.17:16:30 P.20131013
EN work/setupWord_FirstMD5 1479333940 \
      FL "C:/Users/bevans/Desktop/FPGA MD5 Cracker Project Files (1)/setupWord_FirstMD5.vhd" \
      PB ieee/std_logic_1164 1381692176 PB ieee/std_logic_arith 1381692177 \
      PB ieee/STD_LOGIC_UNSIGNED 1381692179
AR work/setupWord_FirstMD5/Behavioral 1479333941 \
      FL "C:/Users/bevans/Desktop/FPGA MD5 Cracker Project Files (1)/setupWord_FirstMD5.vhd" \
      EN work/setupWord_FirstMD5 1479333940
FL "C:/Users/bevans/Desktop/FPGA MD5 Cracker Project Files (1)/SizeofWord.vhd" 2009/06/16.17:16:28 P.20131013
EN work/Size 1479333930 \
      FL "C:/Users/bevans/Desktop/FPGA MD5 Cracker Project Files (1)/SizeofWord.vhd" \
      PB ieee/std_logic_1164 1381692176 PB ieee/std_logic_arith 1381692177 \
      PB ieee/STD_LOGIC_UNSIGNED 1381692179
AR work/Size/Behavioral 1479333931 \
      FL "C:/Users/bevans/Desktop/FPGA MD5 Cracker Project Files (1)/SizeofWord.vhd" \
      EN work/Size 1479333930
FL "C:/Users/bevans/Desktop/FPGA MD5 Cracker Project Files (1)/UserHashReg.vhd" 2009/06/16.17:16:28 P.20131013
EN work/UserHashReg 1479183136 \
      FL "C:/Users/bevans/Desktop/FPGA MD5 Cracker Project Files (1)/UserHashReg.vhd" \
      PB ieee/std_logic_1164 1381692176 PB ieee/std_logic_arith 1381692177 \
      PB ieee/STD_LOGIC_UNSIGNED 1381692179
AR work/UserHashReg/Behavioral 1479183137 \
      FL "C:/Users/bevans/Desktop/FPGA MD5 Cracker Project Files (1)/UserHashReg.vhd" \
      EN work/UserHashReg 1479183136
FL "C:/Users/bevans/Desktop/FPGA MD5 Cracker Project Files (1)/WordMux.vhd" 2016/11/14.14:29:12 P.20131013
EN work/WordMux 1479333946 \
      FL "C:/Users/bevans/Desktop/FPGA MD5 Cracker Project Files (1)/WordMux.vhd" \
      PB ieee/std_logic_1164 1381692176 PB ieee/std_logic_arith 1381692177 \
      PB ieee/STD_LOGIC_UNSIGNED 1381692179
AR work/WordMux/Behavioral 1479333947 \
      FL "C:/Users/bevans/Desktop/FPGA MD5 Cracker Project Files (1)/WordMux.vhd" \
      EN work/WordMux 1479333946
FL "C:/Users/bevans/Desktop/FPGA MD5 Cracker Project Files (1)/wordReg.vhd" 2009/06/16.17:16:28 P.20131013
EN work/wordReg 1479333928 \
      FL "C:/Users/bevans/Desktop/FPGA MD5 Cracker Project Files (1)/wordReg.vhd" \
      PB ieee/std_logic_1164 1381692176 PB ieee/std_logic_arith 1381692177 \
      PB ieee/STD_LOGIC_UNSIGNED 1381692179
AR work/wordReg/Behavioral 1479333929 \
      FL "C:/Users/bevans/Desktop/FPGA MD5 Cracker Project Files (1)/wordReg.vhd" \
      EN work/wordReg 1479333928
FL C:/Xilinx/MD5/bruteforce.vhf 2016/11/14.19:10:57 P.20131013
EN work/bruteforce 1479333966 FL C:/Xilinx/MD5/bruteforce.vhf \
      PB ieee/std_logic_1164 1381692176 PB ieee/NUMERIC_STD 1381692181 LB UNISIM \
      PH unisim/VCOMPONENTS 1381692182
AR work/bruteforce/BEHAVIORAL 1479333967 \
      FL C:/Xilinx/MD5/bruteforce.vhf EN work/bruteforce 1479333966 CP charAdder \
      CP VCC CP GND CP firstCharAdder
FL C:/Xilinx/MD5/First_MD5_Crack.vhf 2016/11/14.19:10:57 P.20131013
EN work/bruteforce_MUSER_First_MD5_Crack 1479333958 \
      FL C:/Xilinx/MD5/First_MD5_Crack.vhf PB ieee/std_logic_1164 1381692176 \
      PB ieee/NUMERIC_STD 1381692181 LB UNISIM PH unisim/VCOMPONENTS 1381692182
AR work/bruteforce_MUSER_First_MD5_Crack/BEHAVIORAL 1479333959 \
      FL C:/Xilinx/MD5/First_MD5_Crack.vhf \
      EN work/bruteforce_MUSER_First_MD5_Crack 1479333958 CP charAdder CP VCC \
      CP GND CP firstCharAdder
EN work/First_MD5_Crack 1479333960 \
      FL C:/Xilinx/MD5/First_MD5_Crack.vhf PB ieee/std_logic_1164 1381692176 \
      PB ieee/NUMERIC_STD 1381692181 LB UNISIM PH unisim/VCOMPONENTS 1381692182
AR work/First_MD5_Crack/BEHAVIORAL 1479333961 \
      FL C:/Xilinx/MD5/First_MD5_Crack.vhf EN work/First_MD5_Crack 1479333960 \
      CP bruteforce_MUSER_First_MD5_Crack CP Size CP wordReg CP MD5 CP setupHash \
      CP compareHash CP setupWord_FirstMD5
FL C:/Xilinx/MD5/Interface.vhf 2016/11/14.20:11:49 P.20131013
EN work/bruteforce_MUSER_Interface 1479183138 FL C:/Xilinx/MD5/Interface.vhf \
      PB ieee/std_logic_1164 1381692176 PB ieee/NUMERIC_STD 1381692181 LB UNISIM \
      PH unisim/VCOMPONENTS 1381692182
AR work/bruteforce_MUSER_Interface/BEHAVIORAL 1479183139 \
      FL C:/Xilinx/MD5/Interface.vhf EN work/bruteforce_MUSER_Interface 1479183138 \
      CP charAdder CP VCC CP GND CP firstCharAdder
EN work/MD5_Crack_MUSER_Interface 1479183140 \
      FL C:/Xilinx/MD5/Interface.vhf PB ieee/std_logic_1164 1381692176 \
      PB ieee/NUMERIC_STD 1381692181 LB UNISIM PH unisim/VCOMPONENTS 1381692182
AR work/MD5_Crack_MUSER_Interface/BEHAVIORAL 1479183141 \
      FL C:/Xilinx/MD5/Interface.vhf EN work/MD5_Crack_MUSER_Interface 1479183140 \
      CP bruteforce_MUSER_Interface CP wordReg CP Size CP MD5 CP setupHash \
      CP compareHash CP setupWord
EN work/First_MD5_Crack_MUSER_Interface 1479183142 \
      FL C:/Xilinx/MD5/Interface.vhf PB ieee/std_logic_1164 1381692176 \
      PB ieee/NUMERIC_STD 1381692181 LB UNISIM PH unisim/VCOMPONENTS 1381692182
AR work/First_MD5_Crack_MUSER_Interface/BEHAVIORAL 1479183143 \
      FL C:/Xilinx/MD5/Interface.vhf EN work/First_MD5_Crack_MUSER_Interface 1479183142 \
      CP bruteforce_MUSER_Interface CP Size CP wordReg CP MD5 CP setupHash \
      CP compareHash CP setupWord_FirstMD5
EN work/MD5_Toplevel_MUSER_Interface 1479183144 \
      FL C:/Xilinx/MD5/Interface.vhf PB ieee/std_logic_1164 1381692176 \
      PB ieee/NUMERIC_STD 1381692181 LB UNISIM PH unisim/VCOMPONENTS 1381692182
AR work/MD5_Toplevel_MUSER_Interface/BEHAVIORAL 1479183145 \
      FL C:/Xilinx/MD5/Interface.vhf EN work/MD5_Toplevel_MUSER_Interface 1479183144 \
      CP First_MD5_Crack_MUSER_Interface CP MD5_Crack_MUSER_Interface \
      CP FourbitAdder CP LargeOR CP WordMux CP GND
EN work/Interface 1479183146 \
      FL C:/Xilinx/MD5/Interface.vhf PB ieee/std_logic_1164 1381692176 \
      PB ieee/NUMERIC_STD 1381692181 LB UNISIM PH unisim/VCOMPONENTS 1381692182
AR work/Interface/BEHAVIORAL 1479183147 \
      FL C:/Xilinx/MD5/Interface.vhf EN work/Interface 1479183146 \
      CP MD5_Toplevel_MUSER_Interface CP UserHashReg
FL C:/Xilinx/MD5/MD5_Crack.vhf 2016/11/14.19:47:56 P.20131013
EN work/bruteforce_MUSER_MD5_Crack 1479333962 FL C:/Xilinx/MD5/MD5_Crack.vhf \
      PB ieee/std_logic_1164 1381692176 PB ieee/NUMERIC_STD 1381692181 LB UNISIM \
      PH unisim/VCOMPONENTS 1381692182
AR work/bruteforce_MUSER_MD5_Crack/BEHAVIORAL 1479333963 \
      FL C:/Xilinx/MD5/MD5_Crack.vhf EN work/bruteforce_MUSER_MD5_Crack 1479333962 \
      CP charAdder CP VCC CP GND CP firstCharAdder
EN work/MD5_Crack 1479333964 \
      FL C:/Xilinx/MD5/MD5_Crack.vhf PB ieee/std_logic_1164 1381692176 \
      PB ieee/NUMERIC_STD 1381692181 LB UNISIM PH unisim/VCOMPONENTS 1381692182
AR work/MD5_Crack/BEHAVIORAL 1479333965 \
      FL C:/Xilinx/MD5/MD5_Crack.vhf EN work/MD5_Crack 1479333964 \
      CP bruteforce_MUSER_MD5_Crack CP wordReg CP Size CP MD5 CP setupHash \
      CP compareHash CP setupWord
FL C:/Xilinx/MD5/MD5_Toplevel.vhf 2016/11/16.14:05:20 P.20131013
EN work/bruteforce_MUSER_MD5_Toplevel 1479333950 \
      FL C:/Xilinx/MD5/MD5_Toplevel.vhf PB ieee/std_logic_1164 1381692176 \
      PB ieee/NUMERIC_STD 1381692181 LB UNISIM PH unisim/VCOMPONENTS 1381692182
AR work/bruteforce_MUSER_MD5_Toplevel/BEHAVIORAL 1479333951 \
      FL C:/Xilinx/MD5/MD5_Toplevel.vhf EN work/bruteforce_MUSER_MD5_Toplevel 1479333950 \
      CP charAdder CP VCC CP GND CP firstCharAdder
EN work/MD5_Crack_MUSER_MD5_Toplevel 1479333952 \
      FL C:/Xilinx/MD5/MD5_Toplevel.vhf PB ieee/std_logic_1164 1381692176 \
      PB ieee/NUMERIC_STD 1381692181 LB UNISIM PH unisim/VCOMPONENTS 1381692182
AR work/MD5_Crack_MUSER_MD5_Toplevel/BEHAVIORAL 1479333953 \
      FL C:/Xilinx/MD5/MD5_Toplevel.vhf EN work/MD5_Crack_MUSER_MD5_Toplevel 1479333952 \
      CP bruteforce_MUSER_MD5_Toplevel CP wordReg CP Size CP MD5 CP setupHash \
      CP compareHash CP setupWord
EN work/First_MD5_Crack_MUSER_MD5_Toplevel 1479333954 \
      FL C:/Xilinx/MD5/MD5_Toplevel.vhf PB ieee/std_logic_1164 1381692176 \
      PB ieee/NUMERIC_STD 1381692181 LB UNISIM PH unisim/VCOMPONENTS 1381692182
AR work/First_MD5_Crack_MUSER_MD5_Toplevel/BEHAVIORAL 1479333955 \
      FL C:/Xilinx/MD5/MD5_Toplevel.vhf \
      EN work/First_MD5_Crack_MUSER_MD5_Toplevel 1479333954 \
      CP bruteforce_MUSER_MD5_Toplevel CP Size CP wordReg CP MD5 CP setupHash \
      CP compareHash CP setupWord_FirstMD5
EN work/MD5_Toplevel 1479333956 \
      FL C:/Xilinx/MD5/MD5_Toplevel.vhf PB ieee/std_logic_1164 1381692176 \
      PB ieee/NUMERIC_STD 1381692181 LB UNISIM PH unisim/VCOMPONENTS 1381692182
AR work/MD5_Toplevel/BEHAVIORAL 1479333957 \
      FL C:/Xilinx/MD5/MD5_Toplevel.vhf EN work/MD5_Toplevel 1479333956 \
      CP First_MD5_Crack_MUSER_MD5_Toplevel CP MD5_Crack_MUSER_MD5_Toplevel \
      CP FourbitAdder CP LargeOR CP WordMux
FL C:/Xilinx/MD5/MD5_Toplevel_FPGA.vhf 2016/11/14.19:44:36 P.20131013
EN work/bruteforce_MUSER_MD5_Toplevel_FPGA 1479333948 \
      FL C:/Xilinx/MD5/MD5_Toplevel_FPGA.vhf PB ieee/std_logic_1164 1381692176 \
      PB ieee/NUMERIC_STD 1381692181 LB UNISIM PH unisim/VCOMPONENTS 1381692182
AR work/bruteforce_MUSER_MD5_Toplevel_FPGA/BEHAVIORAL 1479333949 \
      FL C:/Xilinx/MD5/MD5_Toplevel_FPGA.vhf \
      EN work/bruteforce_MUSER_MD5_Toplevel_FPGA 1479333948 CP charAdder CP VCC \
      CP GND CP firstCharAdder
