EN bruteforce_bruteforce_sch_tb NULL C:/Users/bevans/Desktop/FPGA-MD5-Cracker/bruteforcer/bruteforce_tbw.vhd sub00/vhpl06 1479351168
EN wordreg NULL "C:/Users/bevans/Desktop/FPGA MD5 Cracker Project Files (1)/wordReg.vhd" sub00/vhpl07 1479351646
EN firstcharadder NULL "C:/Users/bevans/Desktop/FPGA MD5 Cracker Project Files (1)/firstCharAdder.vhd" sub00/vhpl02 1479351186
EN bruteforce NULL C:/Users/bevans/Desktop/FPGA-MD5-Cracker/bruteforcer/bruteforce.vhf sub00/vhpl04 1479351188
AR charadder behavioral "C:/Users/bevans/Desktop/FPGA MD5 Cracker Project Files (1)/charAdder.vhd" sub00/vhpl01 1479351185
AR bruteforce behavioral C:/Users/bevans/Desktop/FPGA-MD5-Cracker/bruteforcer/bruteforce.vhf sub00/vhpl05 1479351189
AR wordreg behavioral "C:/Users/bevans/Desktop/FPGA MD5 Cracker Project Files (1)/wordReg.vhd" sub00/vhpl08 1479351647
EN charadder NULL "C:/Users/bevans/Desktop/FPGA MD5 Cracker Project Files (1)/charAdder.vhd" sub00/vhpl00 1479351184
AR firstcharadder behavioral "C:/Users/bevans/Desktop/FPGA MD5 Cracker Project Files (1)/firstCharAdder.vhd" sub00/vhpl03 1479351187
