V3 21
FL "C:/Users/bevans/Desktop/FPGA MD5 Cracker Project Files (1)/charAdder.vhd" 2009/06/16.17:16:28 P.20131013
EN work/charAdder 1479351184 \
      FL "C:/Users/bevans/Desktop/FPGA MD5 Cracker Project Files (1)/charAdder.vhd" \
      PB ieee/std_logic_1164 1381692176 PB ieee/std_logic_arith 1381692177 \
      PB ieee/STD_LOGIC_UNSIGNED 1381692179
AR work/charAdder/Behavioral 1479351185 \
      FL "C:/Users/bevans/Desktop/FPGA MD5 Cracker Project Files (1)/charAdder.vhd" \
      EN work/charAdder 1479351184
FL "C:/Users/bevans/Desktop/FPGA MD5 Cracker Project Files (1)/firstCharAdder.vhd" 2009/06/16.17:16:30 P.20131013
EN work/firstCharAdder 1479351186 \
      FL "C:/Users/bevans/Desktop/FPGA MD5 Cracker Project Files (1)/firstCharAdder.vhd" \
      PB ieee/std_logic_1164 1381692176 PB ieee/std_logic_arith 1381692177 \
      PB ieee/STD_LOGIC_UNSIGNED 1381692179
AR work/firstCharAdder/Behavioral 1479351187 \
      FL "C:/Users/bevans/Desktop/FPGA MD5 Cracker Project Files (1)/firstCharAdder.vhd" \
      EN work/firstCharAdder 1479351186
FL "C:/Users/bevans/Desktop/FPGA MD5 Cracker Project Files (1)/wordReg.vhd" 2009/06/16.17:16:28 P.20131013
EN work/wordReg 1479351646 \
      FL "C:/Users/bevans/Desktop/FPGA MD5 Cracker Project Files (1)/wordReg.vhd" \
      PB ieee/std_logic_1164 1381692176 PB ieee/std_logic_arith 1381692177 \
      PB ieee/STD_LOGIC_UNSIGNED 1381692179
AR work/wordReg/Behavioral 1479351647 \
      FL "C:/Users/bevans/Desktop/FPGA MD5 Cracker Project Files (1)/wordReg.vhd" \
      EN work/wordReg 1479351646
FL C:/Users/bevans/Desktop/FPGA-MD5-Cracker/bruteforcer/bruteforce.vhf 2016/11/16.18:52:38 P.20131013
EN work/bruteforce 1479351188 \
      FL C:/Users/bevans/Desktop/FPGA-MD5-Cracker/bruteforcer/bruteforce.vhf \
      PB ieee/std_logic_1164 1381692176 PB ieee/NUMERIC_STD 1381692181 LB UNISIM \
      PH unisim/VCOMPONENTS 1381692182
AR work/bruteforce/BEHAVIORAL 1479351189 \
      FL C:/Users/bevans/Desktop/FPGA-MD5-Cracker/bruteforcer/bruteforce.vhf \
      EN work/bruteforce 1479351188 CP charAdder CP VCC CP GND CP firstCharAdder
FL C:/Users/bevans/Desktop/FPGA-MD5-Cracker/bruteforcer/bruteforce_tbw.vhd 2016/11/16.14:48:29 P.20131013
EN work/bruteforce_bruteforce_sch_tb 0 \
      FL C:/Users/bevans/Desktop/FPGA-MD5-Cracker/bruteforcer/bruteforce_tbw.vhd \
      PB ieee/std_logic_1164 1381692176 PB ieee/NUMERIC_STD 1381692181 LB UNISIM \
      PH unisim/VCOMPONENTS 1381692182
AR work/bruteforce_bruteforce_sch_tb/behavioral 0 \
      FL C:/Users/bevans/Desktop/FPGA-MD5-Cracker/bruteforcer/bruteforce_tbw.vhd \
      EN work/bruteforce_bruteforce_sch_tb 0 CP bruteforce
